Row 3: time data '2020-13-40' does not match format '%Y-%m-%d' | Raw: {'transaction_id': '2', 'date': '2020-13-40', 'customer_id': '123', 'amount': '200.00', 'type': 'debit', 'description': 'Invalid date'}
Row 4: could not convert string to float: 'abc123' | Raw: {'transaction_id': '3', 'date': '2021-05-10', 'customer_id': '104', 'amount': 'abc123', 'type': 'debit', 'description': 'Bad amount'}
Row 6: Invalid transaction type: invalid_type | Raw: {'transaction_id': '5', 'date': '2023-01-15', 'customer_id': '543', 'amount': '50.00', 'type': 'invalid_type', 'description': 'Wrong type'}
